Microsoft Windows [Version 10.0.19045.4894]
(c) Microsoft Corporation. All rights reserved.

C:\Users\admin\Desktop\JS>git init
Reinitialized existing Git repository in C:/Users/admin/Desktop/JS/.git/

C:\Users\admin\Desktop\JS>git add test
fatal: pathspec 'test' did not match any files

C:\Users\admin\Desktop\JS>git add .

C:\Users\admin\Desktop\JS>git add test.js

C:\Users\admin\Desktop\JS>git add test2.js

C:\Users\admin\Desktop\JS>git commit -m "Initial commit"
On branch main
nothing to commit, working tree clean

C:\Users\admin\Desktop\JS>git remote add origin https://github.com/Meet162/JS.git
error: remote origin already exists.

C:\Users\admin\Desktop\JS>git remote set-url origin error: remote origin already exists.
usage: git remote set-url [--push] <name> <newurl> [<oldurl>]
   or: git remote set-url --add <name> <newurl>
   or: git remote set-url --delete <name> <url>

    --[no-]push           manipulate push URLs
    --[no-]add            add URL
    --[no-]delete         delete URLs


C:\Users\admin\Desktop\JS>git remote -v
origin  https://github.com/Meet162/JS.git (fetch)
origin  https://github.com/Meet162/JS.git (push)

C:\Users\admin\Desktop\JS>git remote remove origin

C:\Users\admin\Desktop\JS>git remote add origin error: remote origin already exists.
usage: git remote add [<options>] <name> <url>

    -f, --[no-]fetch      fetch the remote branches
    --[no-]tags           import all tags and associated objects when fetching
                          or do not fetch any tag at all (--no-tags)
    -t, --[no-]track <branch>
                          branch(es) to track
    -m, --[no-]master <branch>
                          master branch
    --[no-]mirror[=(push|fetch)]
                          set up remote as a mirror to push to or fetch from


C:\Users\admin\Desktop\JS>git remote add origin https://github.com/Meet162/JS.git

C:\Users\admin\Desktop\JS>git push -u origin main
info: please complete authentication in your browser...
To https://github.com/Meet162/JS.git
 ! [rejected]        main -> main (fetch first)
error: failed to push some refs to 'https://github.com/Meet162/JS.git'
hint: Updates were rejected because the remote contains work that you do not
hint: have locally. This is usually caused by another repository pushing to
hint: the same ref. If you want to integrate the remote changes, use
hint: 'git pull' before pushing again.
hint: See the 'Note about fast-forwards' in 'git push --help' for details.

C:\Users\admin\Desktop\JS>
C:\Users\admin\Desktop\JS>git status
On branch main
nothing to commit, working tree clean

C:\Users\admin\Desktop\JS>git push origin main
To https://github.com/Meet162/JS.git
 ! [rejected]        main -> main (fetch first)
error: failed to push some refs to 'https://github.com/Meet162/JS.git'
hint: Updates were rejected because the remote contains work that you do not
hint: have locally. This is usually caused by another repository pushing to
hint: the same ref. If you want to integrate the remote changes, use
hint: 'git pull' before pushing again.
hint: See the 'Note about fast-forwards' in 'git push --help' for details.

C:\Users\admin\Desktop\JS>git log
commit 739ae9464ed841ec1ac5bbf56d04333b9c313d05 (HEAD -> main)
Author: Meet162 <meetrana878@gmail.com>
Date:   Thu Sep 19 13:35:32 2024 +0530

    Initial commit

C:\Users\admin\Desktop\JS>git pull origin main --rebase
remote: Enumerating objects: 3, done.
remote: Counting objects: 100% (3/3), done.
remote: Total 3 (delta 0), reused 0 (delta 0), pack-reused 0 (from 0)
Unpacking objects: 100% (3/3), 895 bytes | 44.00 KiB/s, done.
From https://github.com/Meet162/JS
 * branch            main       -> FETCH_HEAD
 * [new branch]      main       -> origin/main
Auto-merging test.js
CONFLICT (add/add): Merge conflict in test.js
error: could not apply 739ae94... Initial commit
hint: Resolve all conflicts manually, mark them as resolved with
hint: "git add/rm <conflicted_files>", then run "git rebase --continue".
hint: You can instead skip this commit: run "git rebase --skip".
hint: To abort and get back to the state before "git rebase", run "git rebase --abort".
hint: Disable this message with "git config advice.mergeConflict false"
Could not apply 739ae94... Initial commit

C:\Users\admin\Desktop\JS>git rebase --continue
test.js: needs merge
You must edit all merge conflicts and then
mark them as resolved using git add

C:\Users\admin\Desktop\JS>git push origin main
To https://github.com/Meet162/JS.git
 ! [rejected]        main -> main (non-fast-forward)
error: failed to push some refs to 'https://github.com/Meet162/JS.git'
hint: Updates were rejected because a pushed branch tip is behind its remote
hint: counterpart. If you want to integrate the remote changes, use 'git pull'
hint: before pushing again.
hint: See the 'Note about fast-forwards' in 'git push --help' for details.

C:\Users\admin\Desktop\JS>
C:\Users\admin\Desktop\JS>git push --force origin main
Enumerating objects: 4, done.
Counting objects: 100% (4/4), done.
Delta compression using up to 4 threads
Compressing objects: 100% (3/3), done.
Writing objects: 100% (4/4), 379 bytes | 42.00 KiB/s, done.
Total 4 (delta 0), reused 0 (delta 0), pack-reused 0 (from 0)
To https://github.com/Meet162/JS.git
 + 90752fb...739ae94 main -> main (forced update)

C:\Users\admin\Desktop\JS>
C:\Users\admin\Desktop\JS>git add test.js

C:\Users\admin\Desktop\JS>git commit -m "Success"
[detached HEAD 34cd3ab] Success
 2 files changed, 11 insertions(+)
 create mode 100644 test2.js

C:\Users\admin\Desktop\JS>git push
fatal: You are not currently on a branch.
To push the history leading to the current (detached HEAD)
state now, use

    git push origin HEAD:<name-of-remote-branch>


C:\Users\admin\Desktop\JS>git branch
* (no branch, rebasing main)
  main

C:\Users\admin\Desktop\JS>git checkout main
Warning: you are leaving 2 commits behind, not connected to
any of your branches:

  34cd3ab Success
  90752fb Create test.js

If you want to keep them by creating a new branch, this may be a good time
to do so with:

 git branch <new-branch-name> 34cd3ab

Switched to branch 'main'

C:\Users\admin\Desktop\JS>git branch js

C:\Users\admin\Desktop\JS>git checkout js
Switched to branch 'js'

C:\Users\admin\Desktop\JS>
C:\Users\admin\Desktop\JS>
C:\Users\admin\Desktop\JS>git add test3.js

C:\Users\admin\Desktop\JS>git push test3.js
fatal: invalid gitfile format: test3.js
fatal: Could not read from remote repository.

Please make sure you have the correct access rights
and the repository exists.

C:\Users\admin\Desktop\JS>git commit "ready"
error: pathspec 'ready' did not match any file(s) known to git

C:\Users\admin\Desktop\JS>git add test3.js

C:\Users\admin\Desktop\JS>git commit "ready"
error: pathspec 'ready' did not match any file(s) known to git

C:\Users\admin\Desktop\JS>git branch
  js
* main

C:\Users\admin\Desktop\JS>
C:\Users\admin\Desktop\JS>
C:\Users\admin\Desktop\JS>
C:\Users\admin\Desktop\JS>
C:\Users\admin\Desktop\JS>git checkout main
Already on 'main'
Your branch is up to date with 'origin/main'.

C:\Users\admin\Desktop\JS>git checkout -b test
Switched to a new branch 'test'

C:\Users\admin\Desktop\JS>git add test3.js

C:\Users\admin\Desktop\JS>git commit -m "Ready"
On branch test
nothing to commit, working tree clean

C:\Users\admin\Desktop\JS>git push origin test
Everything up-to-date

C:\Users\admin\Desktop\JS>
C:\Users\admin\Desktop\JS>